---
source: cli/tests/snapshot/main.rs
expression: err
---
error: contract broken by a value
   ┌─ [INPUTS_PATH]/errors/contract_label_propagation.ncl:12:8
   │
12 │ [1, 2, "hi"] | Contract
   │        ----    -------- expected type
   │        │        
   │        evaluated to this expression
   │
   ┌─ <unknown> (generated by evaluation):1:1
   │
 1 │ "hi"
   │ ---- evaluated to this value
