---
source: cli/tests/snapshot/main.rs
expression: err
---
error: invalid query: unknown field `unknown.field.path`
 = `unknown.field.path` doesn't refer to record field accessible from the root of the configuration.


