---
source: cli/tests/snapshot/main.rs
expression: err
---
error: contract broken by a function
  ┌─ [INPUTS_PATH]/errors/subcontract_type_path_underline.ncl:3:37
  │
3 │ let val | Array (Array {foo: Dyn -> Number }) = [
  │                                     ------ expected return type
4 │   [],
5 │   [{ foo = fun x => "string" }]
  │                     -------- evaluated to this expression
  │
  ┌─ <unknown> (generated by evaluation):1:1
  │
1 │ "string"
  │ -------- evaluated to this value


