---
source: cli/tests/snapshot/main.rs
expression: out
---
let foo
  : String
  | String
  | std.string.NonEmpty
  = "some very long string to blow past the 80 character line length limit"
  in
foo
