---
source: tests/snapshot/main.rs
expression: snapshot
---
# `Hello`

World\!

