---
source: package/tests/integration.rs
expression: lock_contents
---
{
  "dependencies": {},
  "packages": {}
}
