---
source: lsp/nls/tests/main.rs
expression: output
---
file:///base.ncl:1:2-1:5
None

