---
source: lsp/nls/tests/main.rs
expression: output
---
[bar (Number), foo (String)]
[bar (Number), foo (String)]
[foo (String)]
