---
source: lsp/nls/tests/main.rs
expression: output
---
[fo (Number), foo (Number)]
